Archive member included because of file (symbol)

c:/program files (x86)/gnu tools arm embedded/4.9 2015q2/bin/../lib/gcc/arm-none-eabi/4.9.3/../../../../arm-none-eabi/lib/armv6-m\libm.a(lib_a-s_cos.o)
                              ..\obj\ahrsInterface.o (cos)
c:/program files (x86)/gnu tools arm embedded/4.9 2015q2/bin/../lib/gcc/arm-none-eabi/4.9.3/../../../../arm-none-eabi/lib/armv6-m\libm.a(lib_a-s_sin.o)
                              ..\obj\ahrsInterface.o (sin)
c:/program files (x86)/gnu tools arm embedded/4.9 2015q2/bin/../lib/gcc/arm-none-eabi/4.9.3/../../../../arm-none-eabi/lib/armv6-m\libm.a(lib_a-e_rem_pio2.o)
                              c:/program files (x86)/gnu tools arm embedded/4.9 2015q2/bin/../lib/gcc/arm-none-eabi/4.9.3/../../../../arm-none-eabi/lib/armv6-m\libm.a(lib_a-s_cos.o) (__ieee754_rem_pio2)
c:/program files (x86)/gnu tools arm embedded/4.9 2015q2/bin/../lib/gcc/arm-none-eabi/4.9.3/../../../../arm-none-eabi/lib/armv6-m\libm.a(lib_a-k_cos.o)
                              c:/program files (x86)/gnu tools arm embedded/4.9 2015q2/bin/../lib/gcc/arm-none-eabi/4.9.3/../../../../arm-none-eabi/lib/armv6-m\libm.a(lib_a-s_cos.o) (__kernel_cos)
c:/program files (x86)/gnu tools arm embedded/4.9 2015q2/bin/../lib/gcc/arm-none-eabi/4.9.3/../../../../arm-none-eabi/lib/armv6-m\libm.a(lib_a-k_rem_pio2.o)
                              c:/program files (x86)/gnu tools arm embedded/4.9 2015q2/bin/../lib/gcc/arm-none-eabi/4.9.3/../../../../arm-none-eabi/lib/armv6-m\libm.a(lib_a-e_rem_pio2.o) (__kernel_rem_pio2)
c:/program files (x86)/gnu tools arm embedded/4.9 2015q2/bin/../lib/gcc/arm-none-eabi/4.9.3/../../../../arm-none-eabi/lib/armv6-m\libm.a(lib_a-k_sin.o)
                              c:/program files (x86)/gnu tools arm embedded/4.9 2015q2/bin/../lib/gcc/arm-none-eabi/4.9.3/../../../../arm-none-eabi/lib/armv6-m\libm.a(lib_a-s_cos.o) (__kernel_sin)
c:/program files (x86)/gnu tools arm embedded/4.9 2015q2/bin/../lib/gcc/arm-none-eabi/4.9.3/../../../../arm-none-eabi/lib/armv6-m\libm.a(lib_a-s_fabs.o)
                              c:/program files (x86)/gnu tools arm embedded/4.9 2015q2/bin/../lib/gcc/arm-none-eabi/4.9.3/../../../../arm-none-eabi/lib/armv6-m\libm.a(lib_a-e_rem_pio2.o) (fabs)
c:/program files (x86)/gnu tools arm embedded/4.9 2015q2/bin/../lib/gcc/arm-none-eabi/4.9.3/../../../../arm-none-eabi/lib/armv6-m\libm.a(lib_a-s_floor.o)
                              c:/program files (x86)/gnu tools arm embedded/4.9 2015q2/bin/../lib/gcc/arm-none-eabi/4.9.3/../../../../arm-none-eabi/lib/armv6-m\libm.a(lib_a-k_rem_pio2.o) (floor)
c:/program files (x86)/gnu tools arm embedded/4.9 2015q2/bin/../lib/gcc/arm-none-eabi/4.9.3/../../../../arm-none-eabi/lib/armv6-m\libm.a(lib_a-s_scalbn.o)
                              c:/program files (x86)/gnu tools arm embedded/4.9 2015q2/bin/../lib/gcc/arm-none-eabi/4.9.3/../../../../arm-none-eabi/lib/armv6-m\libm.a(lib_a-k_rem_pio2.o) (scalbn)
c:/program files (x86)/gnu tools arm embedded/4.9 2015q2/bin/../lib/gcc/arm-none-eabi/4.9.3/../../../../arm-none-eabi/lib/armv6-m\libm.a(lib_a-s_copysign.o)
                              c:/program files (x86)/gnu tools arm embedded/4.9 2015q2/bin/../lib/gcc/arm-none-eabi/4.9.3/../../../../arm-none-eabi/lib/armv6-m\libm.a(lib_a-s_scalbn.o) (copysign)
c:/program files (x86)/gnu tools arm embedded/4.9 2015q2/bin/../lib/gcc/arm-none-eabi/4.9.3/armv6-m\libgcc.a(_udivsi3.o)
                              ..\obj\stm32f0xx_rcc.o (__aeabi_uidiv)
c:/program files (x86)/gnu tools arm embedded/4.9 2015q2/bin/../lib/gcc/arm-none-eabi/4.9.3/armv6-m\libgcc.a(_divsi3.o)
                              ..\obj\utility.o (__aeabi_idiv)
c:/program files (x86)/gnu tools arm embedded/4.9 2015q2/bin/../lib/gcc/arm-none-eabi/4.9.3/armv6-m\libgcc.a(_dvmd_tls.o)
                              c:/program files (x86)/gnu tools arm embedded/4.9 2015q2/bin/../lib/gcc/arm-none-eabi/4.9.3/armv6-m\libgcc.a(_udivsi3.o) (__aeabi_idiv0)
c:/program files (x86)/gnu tools arm embedded/4.9 2015q2/bin/../lib/gcc/arm-none-eabi/4.9.3/armv6-m\libgcc.a(_arm_cmpdf2.o)
                              c:/program files (x86)/gnu tools arm embedded/4.9 2015q2/bin/../lib/gcc/arm-none-eabi/4.9.3/../../../../arm-none-eabi/lib/armv6-m\libm.a(lib_a-e_rem_pio2.o) (__aeabi_dcmpeq)
c:/program files (x86)/gnu tools arm embedded/4.9 2015q2/bin/../lib/gcc/arm-none-eabi/4.9.3/armv6-m\libgcc.a(_fixunssfsi.o)
                              ..\obj\system.o (__aeabi_f2uiz)
c:/program files (x86)/gnu tools arm embedded/4.9 2015q2/bin/../lib/gcc/arm-none-eabi/4.9.3/armv6-m\libgcc.a(addsf3.o)
                              ..\obj\util.o (__aeabi_fadd)
c:/program files (x86)/gnu tools arm embedded/4.9 2015q2/bin/../lib/gcc/arm-none-eabi/4.9.3/armv6-m\libgcc.a(divsf3.o)
                              ..\obj\util.o (__aeabi_fdiv)
c:/program files (x86)/gnu tools arm embedded/4.9 2015q2/bin/../lib/gcc/arm-none-eabi/4.9.3/armv6-m\libgcc.a(mulsf3.o)
[...]
Memory Configuration

Name             Origin             Length             Attributes
rom              0x08000000         0x00010000         xr
ram              0x20000000         0x00002000         xrw
*default*        0x00000000         0xffffffff

Linker script and memory map

                0x20002000                _eram = 0x20002000

.text           0x08000000     0xbed0
 *(.isr_vector)
 .isr_vector    0x08000000       0xc4 ..\obj\startup_stm32f0xx.o
                0x08000000                g_pfnVectors
 *(.text*)
 .text.processNewControlPacket
                0x080000c4      0x2c8 ..\obj\control.o
                0x080000c4                processNewControlPacket
 .text.GenerateErrorPacket
                0x0800038c       0x68 ..\obj\control.o
                0x0800038c                GenerateErrorPacket
 .text.serialisePacket
                0x080003f4       0xc4 ..\obj\control.o
                0x080003f4                serialisePacket
 .text.parseControlSerialData
                0x080004b8      0x298 ..\obj\control.o
                0x080004b8                parseControlSerialData
 .text.runAHRSPolling
                0x08000750       0x64 ..\obj\control.o
                0x08000750                runAHRSPolling
 .text.runUltrasonicPolling
                0x080007b4       0x7c ..\obj\control.o
                0x080007b4                runUltrasonicPolling
 .text.I2C1_IRQHandler
                0x08000830      0x168 ..\obj\control.o
                0x08000830                I2C1_IRQHandler
 .text.CoCreateKheap
                0x08000998       0x44 ..\obj\kernelHeap.o
                0x08000998                CoCreateKheap
 .text.OsSchedUnlock
                0x080009dc       0x50 ..\obj\core.o
                0x080009dc                OsSchedUnlock
 .text.CoInitOS
                0x08000a2c       0x84 ..\obj\core.o
                0x08000a2c                CoInitOS
 .text.CoStartOS
                0x08000ab0       0x38 ..\obj\core.o
                0x08000ab0                CoStartOS
 .text.ultrasonicsReadSensor
                0x08000ae8      0x1b4 ..\obj\ultrasonicsInterface.o
                0x08000ae8                ultrasonicsReadSensor
 .text.RCC_GetClocksFreq
                0x08000c9c      0x1cc ..\obj\stm32f0xx_rcc.o
                0x08000c9c                RCC_GetClocksFreq
 .text.RCC_AHBPeriphClockCmd
                0x08000e68       0x3c ..\obj\stm32f0xx_rcc.o
                0x08000e68                RCC_AHBPeriphClockCmd
 .text.RCC_APB2PeriphClockCmd
                0x08000ea4       0x3c ..\obj\stm32f0xx_rcc.o
                0x08000ea4                RCC_APB2PeriphClockCmd
 .text.RCC_APB1PeriphClockCmd
                0x08000ee0       0x3c ..\obj\stm32f0xx_rcc.o
                0x08000ee0                RCC_APB1PeriphClockCmd
 .text.RCC_APB1PeriphResetCmd
                0x08000f1c       0x3c ..\obj\stm32f0xx_rcc.o
                0x08000f1c                RCC_APB1PeriphResetCmd
 .text.InsertTmrList
                0x08000f58      0x1f8 ..\obj\timer.o
 .text.RemoveTmrList
                0x08001150       0xd8 ..\obj\timer.o
 .text.TmrDispose
                0x08001228       0x78 ..\obj\timer.o
                0x08001228                TmrDispose
 .text.isr_TmrDispose
                0x080012a0       0x30 ..\obj\timer.o
                0x080012a0                isr_TmrDispose
 .text.calcCheckSum
                0x080012d0       0x68 ..\obj\util.o
                0x080012d0                calcCheckSum
 .text.delaymsToTicks
                0x08001338       0x58 ..\obj\util.o
                0x08001338                delaymsToTicks
 .text.MultiplyMatrices
                0x08001390       0xa8 ..\obj\util.o
                0x08001390                MultiplyMatrices
 .text.MultiplyMatrixVector
                0x08001438       0x7c ..\obj\util.o
                0x08001438                MultiplyMatrixVector
 .text.AddVectors
                0x080014b4       0x4c ..\obj\util.o
                0x080014b4                AddVectors
 .text.mapf     0x08001500       0x58 ..\obj\util.o
                0x08001500                mapf
 .text.NVIC_EnableIRQ
                0x08001558       0x2c ..\obj\ahrsInterface.o
 .text.NVIC_DisableIRQ
                0x08001584       0x30 ..\obj\ahrsInterface.o
 .text.setUpSensorComms
                0x080015b4       0x4c ..\obj\ahrsInterface.o
                0x080015b4                setUpSensorComms
 .text.AHRSSetUpSensor
                0x08001600      0x250 ..\obj\ahrsInterface.o
                0x08001600                AHRSSetUpSensor
 .text.AHRSReadRegister
                0x08001850       0x90 ..\obj\ahrsInterface.o
                0x08001850                AHRSReadRegister
 .text.AHRSProcessNewPacket
                0x080018e0      0x658 ..\obj\ahrsInterface.o
                0x080018e0                AHRSProcessNewPacket
 .text.AHRSPoll
                0x08001f38       0xf8 ..\obj\ahrsInterface.o
                0x08001f38                AHRSPoll
 .text.updateOdometry
                0x08002030      0x39c ..\obj\ahrsInterface.o
                0x08002030                updateOdometry
 .text.AHRS_parse_serial_data
                0x080023cc      0x270 ..\obj\ahrsInterface.o
                0x080023cc                AHRS_parse_serial_data
 .text.sendPacket
                0x0800263c      0x114 ..\obj\ahrsInterface.o
                0x0800263c                sendPacket
 .text.sendData
                0x08002750       0xa8 ..\obj\ahrsInterface.o
                0x08002750                sendData
 .text.awaitCommandConfirmed
                0x080027f8       0x6c ..\obj\ahrsInterface.o
                0x080027f8                awaitCommandConfirmed
 .text.USART2_IRQHandler
                0x08002864      0x144 ..\obj\ahrsInterface.o
                0x08002864                USART2_IRQHandler
 .text.CreateTCBList
                0x080029a8       0xb0 ..\obj\task.o
                0x080029a8                CreateTCBList
 .text.GetPriSeqNum
                0x08002a58       0xe0 ..\obj\task.o
 .text.GetRdyPriSeqNum
                0x08002b38      0x1ac ..\obj\task.o
 .text.PrioRemap
                0x08002ce4      0x128 ..\obj\task.o
 .text.GetPrioSeqNumStatus
                0x08002e0c       0x40 ..\obj\task.o
 .text.SetPrioSeqNumStatus
                0x08002e4c       0x70 ..\obj\task.o
 .text.ActiveTaskPri
                0x08002ebc       0xfc ..\obj\task.o
                0x08002ebc                ActiveTaskPri
 .text.DeleteTaskPri
                0x08002fb8       0xdc ..\obj\task.o
                0x08002fb8                DeleteTaskPri
 .text.InsertToTCBRdyList
                0x08003094      0x180 ..\obj\task.o
                0x08003094                InsertToTCBRdyList
 .text.RemoveFromTCBRdyList
                0x08003214      0x178 ..\obj\task.o
                0x08003214                RemoveFromTCBRdyList
 .text.CoSetPriority
                0x0800338c      0x204 ..\obj\task.o
                0x0800338c                CoSetPriority
 .text.Schedule
                0x08003590      0x158 ..\obj\task.o
                0x08003590                Schedule
 .text.AssignTCB
                0x080036e8       0x4c ..\obj\task.o
 .text.CreateTask
                0x08003734      0x15c ..\obj\task.o
                0x08003734                CreateTask
 .text.CoDelTask
                0x08003890      0x12c ..\obj\task.o
                0x08003890                CoDelTask
 .text.CoExitTask
                0x080039bc       0x18 ..\obj\task.o
                0x080039bc                CoExitTask
 .text.RespondSRQ
                0x080039d4       0xf8 ..\obj\serviceReq.o
                0x080039d4                RespondSRQ
 .text.main     0x08003acc      0x9f8 ..\obj\main.o
                0x08003acc                main
 .text.Reset_Handler
                0x080044c4       0x4c ..\obj\startup_stm32f0xx.o
                0x080044c4                Reset_Handler
 .text.Default_Handler
                0x08004510        0x2 ..\obj\startup_stm32f0xx.o
                0x08004510                TIM1_CC_IRQHandler
                0x08004510                HardFault_Handler
                0x08004510                ADC1_COMP_IRQHandler
                0x08004510                PVD_IRQHandler
                0x08004510                NMI_Handler
                0x08004510                SPI1_IRQHandler
                0x08004510                TIM6_DAC_IRQHandler
                0x08004510                EXTI2_3_IRQHandler
                0x08004510                I2C2_IRQHandler
                0x08004510                TIM17_IRQHandler
                0x08004510                RTC_IRQHandler
                0x08004510                TIM16_IRQHandler
                0x08004510                TIM3_IRQHandler
                0x08004510                EXTI4_15_IRQHandler
                0x08004510                RCC_IRQHandler
                0x08004510                DMA1_Channel1_IRQHandler
                0x08004510                Default_Handler
                0x08004510                CEC_IRQHandler
                0x08004510                TIM14_IRQHandler
                0x08004510                DMA1_Channel4_5_IRQHandler
                0x08004510                TIM15_IRQHandler
                0x08004510                EXTI0_1_IRQHandler
                0x08004510                SPI2_IRQHandler
                0x08004510                SVC_Handler
                0x08004510                TS_IRQHandler
                0x08004510                WWDG_IRQHandler
                0x08004510                TIM2_IRQHandler
                0x08004510                DMA1_Channel2_3_IRQHandler
                0x08004510                FLASH_IRQHandler
                0x08004510                USART1_IRQHandler
                0x08004510                TIM1_BRK_UP_TRG_COM_IRQHandler
 *fill*         0x08004512        0x2 
 .text.NVIC_EnableIRQ
                0x08004514       0x2c ..\obj\system.o
 .text.initialiseSystemTask
                0x08004540      0x29c ..\obj\system.o
                0x08004540                initialiseSystemTask
 .text.setUpGPIO
                0x080047dc       0x48 ..\obj\system.o
                0x080047dc                setUpGPIO
 .text.setUpTimers
                0x08004824      0x1f4 ..\obj\system.o
                0x08004824                setUpTimers
 .text.setUpCommandI2C
                0x08004a18      0x124 ..\obj\system.o
                0x08004a18                setUpCommandI2C
 .text.setUpUltrasonicI2C
                0x08004b3c       0xe8 ..\obj\system.o
                0x08004b3c                setUpUltrasonicI2C
 .text.setUpUART
                0x08004c24      0x170 ..\obj\system.o
                0x08004c24                setUpUART
 .text.setUpVariables
                0x08004d94       0xec ..\obj\system.o
                0x08004d94                setUpVariables
 .text.runSummingBlocks
                0x08004e80      0x29c ..\obj\system.o
                0x08004e80                runSummingBlocks
 .text.delayMicroSeconds
                0x0800511c       0x48 ..\obj\system.o
                0x0800511c                delayMicroSeconds
 .text.setBlueLED
                0x08005164       0x1c ..\obj\system.o
                0x08005164                setBlueLED
 .text.setGreenLED
                0x08005180       0x1c ..\obj\system.o
                0x08005180                setGreenLED
 .text.clearBlueLED
                0x0800519c       0x1c ..\obj\system.o
                0x0800519c                clearBlueLED
 .text.clearGreenLED
                0x080051b8       0x1c ..\obj\system.o
                0x080051b8                clearGreenLED
 .text.showErrorCondition
                0x080051d4      0x110 ..\obj\system.o
                0x080051d4                showErrorCondition
 .text.clampValue
                0x080052e4       0x30 ..\obj\system.o
                0x080052e4                clampValue
 .text.CoPostMail
                0x08005314       0x7c ..\obj\mbox.o
                0x08005314                CoPostMail
 .text.I2C_DeInit
                0x08005390       0x4c ..\obj\stm32f0xx_i2c.o
                0x08005390                I2C_DeInit
 .text.I2C_Init
                0x080053dc       0xcc ..\obj\stm32f0xx_i2c.o
                0x080053dc                I2C_Init
 .text.I2C_StructInit
                0x080054a8       0x3c ..\obj\stm32f0xx_i2c.o
                0x080054a8                I2C_StructInit
 .text.I2C_Cmd  0x080054e4       0x38 ..\obj\stm32f0xx_i2c.o
                0x080054e4                I2C_Cmd
 .text.I2C_ITConfig
                0x0800551c       0x38 ..\obj\stm32f0xx_i2c.o
                0x0800551c                I2C_ITConfig
 .text.I2C_StretchClockCmd
                0x08005554       0x3c ..\obj\stm32f0xx_i2c.o
                0x08005554                I2C_StretchClockCmd
 .text.I2C_TransferHandling
                0x08005590       0x68 ..\obj\stm32f0xx_i2c.o
                0x08005590                I2C_TransferHandling
 .text.I2C_SendData
                0x080055f8       0x1c ..\obj\stm32f0xx_i2c.o
                0x080055f8                I2C_SendData
 .text.I2C_ReceiveData
                0x08005614       0x18 ..\obj\stm32f0xx_i2c.o
                0x08005614                I2C_ReceiveData
 .text.I2C_GetFlagStatus
                0x0800562c       0x4c ..\obj\stm32f0xx_i2c.o
                0x0800562c                I2C_GetFlagStatus
 .text.I2C_ClearFlag
                0x08005678       0x18 ..\obj\stm32f0xx_i2c.o
                0x08005678                I2C_ClearFlag
 .text.I2C_ClearITPendingBit
                0x08005690       0x18 ..\obj\stm32f0xx_i2c.o
                0x08005690                I2C_ClearITPendingBit
 .text.SystemInit1
                0x080056a8       0x8c ..\obj\system_stm32f0xx_temp.o
                0x080056a8                SystemInit
                0x080056a8                SystemInit1
 .text.SetSysClock1
                0x08005734       0xe0 ..\obj\system_stm32f0xx_temp.o
                0x08005734                SetSysClock
 .text.GPIO_Init
                0x08005814      0x124 ..\obj\stm32f0xx_gpio.o
                0x08005814                GPIO_Init
 .text.GPIO_StructInit
                0x08005938       0x30 ..\obj\stm32f0xx_gpio.o
                0x08005938                GPIO_StructInit
 .text.GPIO_WriteBit
                0x08005968       0x38 ..\obj\stm32f0xx_gpio.o
                0x08005968                GPIO_WriteBit
 .text.GPIO_PinAFConfig
                0x080059a0       0xa0 ..\obj\stm32f0xx_gpio.o
                0x080059a0                GPIO_PinAFConfig
 .text.InsertDelayList
                0x08005a40       0xec ..\obj\time.o
                0x08005a40                InsertDelayList
 .text.RemoveDelayList
                0x08005b2c       0xb0 ..\obj\time.o
                0x08005b2c                RemoveDelayList
 .text.CoTickDelay
                0x08005bdc       0x70 ..\obj\time.o
                0x08005bdc                CoTickDelay
 .text.CoTimeDelay
                0x08005c4c       0xc4 ..\obj\time.o
                0x08005c4c                CoTimeDelay
 .text.TimeDispose
                0x08005d10       0x78 ..\obj\time.o
                0x08005d10                TimeDispose
 .text.isr_TimeDispose
                0x08005d88       0x30 ..\obj\time.o
                0x08005d88                isr_TimeDispose
 .text.CreateEventList
                0x08005db8       0x94 ..\obj\event.o
                0x08005db8                CreateEventList
 .text.CreatEvent
                0x08005e4c       0xa0 ..\obj\event.o
                0x08005e4c                CreatEvent
 .text.EventTaskToWait
                0x08005eec      0x100 ..\obj\event.o
                0x08005eec                EventTaskToWait
 .text.EventTaskToRdy
                0x08005fec      0x10c ..\obj\event.o
                0x08005fec                EventTaskToRdy
 .text.RemoveEventWaittingList
                0x080060f8       0x94 ..\obj\event.o
                0x080060f8                RemoveEventWaittingList
 .text.USART_Init
                0x0800618c      0x15c ..\obj\stm32f0xx_usart.o
                0x0800618c                USART_Init
 .text.USART_Cmd
                0x080062e8       0x38 ..\obj\stm32f0xx_usart.o
                0x080062e8                USART_Cmd
 .text.USART_ITConfig
                0x08006320       0x84 ..\obj\stm32f0xx_usart.o
                0x08006320                USART_ITConfig
 .text.USART_GetFlagStatus
                0x080063a4       0x3c ..\obj\stm32f0xx_usart.o
                0x080063a4                USART_GetFlagStatus
 .text.USART_ClearFlag
                0x080063e0       0x18 ..\obj\stm32f0xx_usart.o
                0x080063e0                USART_ClearFlag
 .text.USART_ClearITPendingBit
                0x080063f8       0x30 ..\obj\stm32f0xx_usart.o
                0x080063f8                USART_ClearITPendingBit
 .text.runPID   0x08006428      0x170 ..\obj\PID.o
                0x08006428                runPID
 .text.TIM_TimeBaseInit
                0x08006598       0xf0 ..\obj\stm32f0xx_tim.o
                0x08006598                TIM_TimeBaseInit
 .text.TIM_TimeBaseStructInit
                0x08006688       0x30 ..\obj\stm32f0xx_tim.o
                0x08006688                TIM_TimeBaseStructInit
 .text.TIM_SetCounter
                0x080066b8       0x18 ..\obj\stm32f0xx_tim.o
                0x080066b8                TIM_SetCounter
 .text.TIM_GetCounter
                0x080066d0       0x14 ..\obj\stm32f0xx_tim.o
                0x080066d0                TIM_GetCounter
 .text.TIM_Cmd  0x080066e4       0x40 ..\obj\stm32f0xx_tim.o
                0x080066e4                TIM_Cmd
 .text.TIM_CtrlPWMOutputs
                0x08006724       0x4c ..\obj\stm32f0xx_tim.o
                0x08006724                TIM_CtrlPWMOutputs
 .text.TIM_OC3Init
                0x08006770      0x1a8 ..\obj\stm32f0xx_tim.o
                0x08006770                TIM_OC3Init
 .text.TIM_OC4Init
                0x08006918      0x134 ..\obj\stm32f0xx_tim.o
                0x08006918                TIM_OC4Init
 .text.TIM_OC3PreloadConfig
                0x08006a4c       0x54 ..\obj\stm32f0xx_tim.o
                0x08006a4c                TIM_OC3PreloadConfig
 .text.TIM_OC4PreloadConfig
                0x08006aa0       0x5c ..\obj\stm32f0xx_tim.o
                0x08006aa0                TIM_OC4PreloadConfig
 .text.IRQ_ENABLE_RESTORE
                0x08006afc        0xc ..\obj\port.o
                0x08006afc                IRQ_ENABLE_RESTORE
 .text.IRQ_DISABLE_SAVE
                0x08006b08        0xc ..\obj\port.o
                0x08006b08                IRQ_DISABLE_SAVE
 .text.SetEnvironment
                0x08006b14        0x8 ..\obj\port.o
                0x08006b14                SetEnvironment
 .text.SwitchContext
                0x08006b1c       0x14 ..\obj\port.o
                0x08006b1c                SwitchContext
 .text.PendSV_Handler
                0x08006b30       0x58 ..\obj\port.o
                0x08006b30                PendSV_Handler
 .text.CoPostQueueMail
                0x08006b88       0xb4 ..\obj\queue.o
                0x08006b88                CoPostQueueMail
 .text.CoLeaveMutexSection
                0x08006c3c      0x17c ..\obj\mutex.o
                0x08006c3c                CoLeaveMutexSection
 .text.RemoveMutexList
                0x08006db8      0x10c ..\obj\mutex.o
                0x08006db8                RemoveMutexList
 .text.CoCreateFlag
                0x08006ec4       0xc0 ..\obj\flag.o
                0x08006ec4                CoCreateFlag
 .text.CoWaitForSingleFlag
                0x08006f84      0x18c ..\obj\flag.o
                0x08006f84                CoWaitForSingleFlag
 .text.CoSetFlag
                0x08007110      0x100 ..\obj\flag.o
                0x08007110                CoSetFlag
 .text.FlagBlock
                0x08007210       0x78 ..\obj\flag.o
 .text.RemoveFromLink
                0x08007288       0x58 ..\obj\flag.o
 .text.RemoveLinkNode
                0x080072e0       0x80 ..\obj\flag.o
                0x080072e0                RemoveLinkNode
 .text.InitTaskContext
                0x08007360       0x4c ..\obj\arch.o
                0x08007360                InitTaskContext
 .text.SysTick_Handler
                0x080073ac       0x9c ..\obj\arch.o
                0x080073ac                SysTick_Handler
 .text.CoCreateSem
                0x08007448       0x7c ..\obj\sem.o
                0x08007448                CoCreateSem
 .text.CoPendSem
                0x080074c4       0xec ..\obj\sem.o
                0x080074c4                CoPendSem
 .text.CoPostSem
                0x080075b0       0x98 ..\obj\sem.o
                0x080075b0                CoPostSem
 .text.CoIdleTask
                0x08007648        0xc ..\obj\hook.o
                0x08007648                CoIdleTask
 .text.CoStkOverflowHook
                0x08007654       0x10 ..\obj\hook.o
                0x08007654                CoStkOverflowHook
 .text.cos      0x08007664       0x9c c:/program files (x86)/gnu tools arm embedded/4.9 2015q2/bin/../lib/gcc/arm-none-eabi/4.9.3/../../../../arm-none-eabi/lib/armv6-m\libm.a(lib_a-s_cos.o)
                0x08007664                cos
 .text.sin      0x08007700       0xa0 c:/program files (x86)/gnu tools arm embedded/4.9 2015q2/bin/../lib/gcc/arm-none-eabi/4.9.3/../../../../arm-none-eabi/lib/armv6-m\libm.a(lib_a-s_sin.o)
                0x08007700                sin
 .text.__ieee754_rem_pio2
                0x080077a0      0x430 c:/program files (x86)/gnu tools arm embedded/4.9 2015q2/bin/../lib/gcc/arm-none-eabi/4.9.3/../../../../arm-none-eabi/lib/armv6-m\libm.a(lib_a-e_rem_pio2.o)
                0x080077a0                __ieee754_rem_pio2
 .text.__kernel_cos
                0x08007bd0      0x234 c:/program files (x86)/gnu tools arm embedded/4.9 2015q2/bin/../lib/gcc/arm-none-eabi/4.9.3/../../../../arm-none-eabi/lib/armv6-m\libm.a(lib_a-k_cos.o)
                0x08007bd0                __kernel_cos
 .text.__kernel_rem_pio2
                0x08007e04      0x890 c:/program files (x86)/gnu tools arm embedded/4.9 2015q2/bin/../lib/gcc/arm-none-eabi/4.9.3/../../../../arm-none-eabi/lib/armv6-m\libm.a(lib_a-k_rem_pio2.o)
                0x08007e04                __kernel_rem_pio2
 .text.__kernel_sin
                0x08008694      0x160 c:/program files (x86)/gnu tools arm embedded/4.9 2015q2/bin/../lib/gcc/arm-none-eabi/4.9.3/../../../../arm-none-eabi/lib/armv6-m\libm.a(lib_a-k_sin.o)
                0x08008694                __kernel_sin
 .text.fabs     0x080087f4        0x8 c:/program files (x86)/gnu tools arm embedded/4.9 2015q2/bin/../lib/gcc/arm-none-eabi/4.9.3/../../../../arm-none-eabi/lib/armv6-m\libm.a(lib_a-s_fabs.o)
                0x080087f4                fabs
 .text.floor    0x080087fc      0x14c c:/program files (x86)/gnu tools arm embedded/4.9 2015q2/bin/../lib/gcc/arm-none-eabi/4.9.3/../../../../arm-none-eabi/lib/armv6-m\libm.a(lib_a-s_floor.o)
                0x080087fc                floor
 .text.scalbn   0x08008948       0xf8 c:/program files (x86)/gnu tools arm embedded/4.9 2015q2/bin/../lib/gcc/arm-none-eabi/4.9.3/../../../../arm-none-eabi/lib/armv6-m\libm.a(lib_a-s_scalbn.o)
                0x08008948                scalbn
 .text.copysign
                0x08008a40       0x10 c:/program files (x86)/gnu tools arm embedded/4.9 2015q2/bin/../lib/gcc/arm-none-eabi/4.9.3/../../../../arm-none-eabi/lib/armv6-m\libm.a(lib_a-s_copysign.o)
                0x08008a40                copysign
 .text          0x08008a50      0x120 c:/program files (x86)/gnu tools arm embedded/4.9 2015q2/bin/../lib/gcc/arm-none-eabi/4.9.3/armv6-m\libgcc.a(_udivsi3.o)
                0x08008a50                __aeabi_uidiv
                0x08008a50                __udivsi3
                0x08008b5c                __aeabi_uidivmod
 .text          0x08008b70      0x1e0 c:/program files (x86)/gnu tools arm embedded/4.9 2015q2/bin/../lib/gcc/arm-none-eabi/4.9.3/armv6-m\libgcc.a(_divsi3.o)
                0x08008b70                __divsi3
                0x08008b70                __aeabi_idiv
                0x08008d3c                __aeabi_idivmod
 .text          0x08008d50        0x4 c:/program files (x86)/gnu tools arm embedded/4.9 2015q2/bin/../lib/gcc/arm-none-eabi/4.9.3/armv6-m\libgcc.a(_dvmd_tls.o)
                0x08008d50                __aeabi_idiv0
                0x08008d50                __aeabi_ldiv0
 .text          0x08008d54       0x7c c:/program files (x86)/gnu tools arm embedded/4.9 2015q2/bin/../lib/gcc/arm-none-eabi/4.9.3/armv6-m\libgcc.a(_arm_cmpdf2.o)
                0x08008d54                __aeabi_cdrcmple
                0x08008d64                __aeabi_cdcmple
                0x08008d64                __aeabi_cdcmpeq
                0x08008d74                __aeabi_dcmpeq
                0x08008d80                __aeabi_dcmplt
                0x08008d94                __aeabi_dcmple
                0x08008da8                __aeabi_dcmpgt
                0x08008dbc                __aeabi_dcmpge
 .text          0x08008dd0       0x30 c:/program files (x86)/gnu tools arm embedded/4.9 2015q2/bin/../lib/gcc/arm-none-eabi/4.9.3/armv6-m\libgcc.a(_fixunssfsi.o)
                0x08008dd0                __fixunssfsi
                0x08008dd0                __aeabi_f2uiz
 .text          0x08008e00      0x2f8 c:/program files (x86)/gnu tools arm embedded/4.9 2015q2/bin/../lib/gcc/arm-none-eabi/4.9.3/armv6-m\libgcc.a(addsf3.o)
                0x08008e00                __aeabi_fadd
 .text          0x080090f8      0x270 c:/program files (x86)/gnu tools arm embedded/4.9 2015q2/bin/../lib/gcc/arm-none-eabi/4.9.3/armv6-m\libgcc.a(divsf3.o)
                0x080090f8                __aeabi_fdiv
 .text          0x08009368      0x264 c:/program files (x86)/gnu tools arm embedded/4.9 2015q2/bin/../lib/gcc/arm-none-eabi/4.9.3/armv6-m\libgcc.a(mulsf3.o)
                0x08009368                __aeabi_fmul
 .text          0x080095cc      0x2fc c:/program files (x86)/gnu tools arm embedded/4.9 2015q2/bin/../lib/gcc/arm-none-eabi/4.9.3/armv6-m\libgcc.a(subsf3.o)
                0x080095cc                __aeabi_fsub
 .text          0x080098c8       0x40 c:/program files (x86)/gnu tools arm embedded/4.9 2015q2/bin/../lib/gcc/arm-none-eabi/4.9.3/armv6-m\libgcc.a(fixsfsi.o)
                0x080098c8                __aeabi_f2iz
 .text          0x08009908       0x90 c:/program files (x86)/gnu tools arm embedded/4.9 2015q2/bin/../lib/gcc/arm-none-eabi/4.9.3/armv6-m\libgcc.a(floatsisf.o)
                0x08009908                __aeabi_i2f
 .text          0x08009998       0x90 c:/program files (x86)/gnu tools arm embedded/4.9 2015q2/bin/../lib/gcc/arm-none-eabi/4.9.3/armv6-m\libgcc.a(floatunsisf.o)
                0x08009998                __aeabi_ui2f
 .text          0x08009a28      0x650 c:/program files (x86)/gnu tools arm embedded/4.9 2015q2/bin/../lib/gcc/arm-none-eabi/4.9.3/armv6-m\libgcc.a(adddf3.o)
                0x08009a28                __aeabi_dadd
 .text          0x0800a078      0x648 c:/program files (x86)/gnu tools arm embedded/4.9 2015q2/bin/../lib/gcc/arm-none-eabi/4.9.3/armv6-m\libgcc.a(divdf3.o)
                0x0800a078                __aeabi_ddiv
 .text          0x0800a6c0       0x88 c:/program files (x86)/gnu tools arm embedded/4.9 2015q2/bin/../lib/gcc/arm-none-eabi/4.9.3/armv6-m\libgcc.a(eqdf2.o)
                0x0800a6c0                __nedf2
                0x0800a6c0                __eqdf2
 .text          0x0800a748       0xe0 c:/program files (x86)/gnu tools arm embedded/4.9 2015q2/bin/../lib/gcc/arm-none-eabi/4.9.3/armv6-m\libgcc.a(gedf2.o)
                0x0800a748                __gedf2
                0x0800a748                __gtdf2
 .text          0x0800a828       0xcc c:/program files (x86)/gnu tools arm embedded/4.9 2015q2/bin/../lib/gcc/arm-none-eabi/4.9.3/armv6-m\libgcc.a(ledf2.o)
                0x0800a828                __ledf2
                0x0800a828                __ltdf2
 .text          0x0800a8f4      0x534 c:/program files (x86)/gnu tools arm embedded/4.9 2015q2/bin/../lib/gcc/arm-none-eabi/4.9.3/armv6-m\libgcc.a(muldf3.o)
                0x0800a8f4                __aeabi_dmul
 .text          0x0800ae28      0x6f4 c:/program files (x86)/gnu tools arm embedded/4.9 2015q2/bin/../lib/gcc/arm-none-eabi/4.9.3/armv6-m\libgcc.a(subdf3.o)
                0x0800ae28                __aeabi_dsub
 .text          0x0800b51c       0x6c c:/program files (x86)/gnu tools arm embedded/4.9 2015q2/bin/../lib/gcc/arm-none-eabi/4.9.3/armv6-m\libgcc.a(fixdfsi.o)
                0x0800b51c                __aeabi_d2iz
 .text          0x0800b588       0x78 c:/program files (x86)/gnu tools arm embedded/4.9 2015q2/bin/../lib/gcc/arm-none-eabi/4.9.3/armv6-m\libgcc.a(floatsidf.o)
                0x0800b588                __aeabi_i2d
 .text          0x0800b600       0x64 c:/program files (x86)/gnu tools arm embedded/4.9 2015q2/bin/../lib/gcc/arm-none-eabi/4.9.3/armv6-m\libgcc.a(floatunsidf.o)
                0x0800b600                __aeabi_ui2d
 .text          0x0800b664       0xa8 c:/program files (x86)/gnu tools arm embedded/4.9 2015q2/bin/../lib/gcc/arm-none-eabi/4.9.3/armv6-m\libgcc.a(extendsfdf2.o)
                0x0800b664                __aeabi_f2d
 .text          0x0800b70c      0x120 c:/program files (x86)/gnu tools arm embedded/4.9 2015q2/bin/../lib/gcc/arm-none-eabi/4.9.3/armv6-m\libgcc.a(truncdfsf2.o)
                0x0800b70c                __aeabi_d2f
 .text          0x0800b82c       0x74 c:/program files (x86)/gnu tools arm embedded/4.9 2015q2/bin/../lib/gcc/arm-none-eabi/4.9.3/armv6-m\libgcc.a(_arm_cmpsf2.o)
                0x0800b82c                __aeabi_cfrcmple
                0x0800b834                __aeabi_cfcmpeq
                0x0800b834                __aeabi_cfcmple
                0x0800b844                __aeabi_fcmpeq
                0x0800b850                __aeabi_fcmplt
                0x0800b864                __aeabi_fcmple
                0x0800b878                __aeabi_fcmpgt
                0x0800b88c                __aeabi_fcmpge
 .text          0x0800b8a0       0x3c c:/program files (x86)/gnu tools arm embedded/4.9 2015q2/bin/../lib/gcc/arm-none-eabi/4.9.3/armv6-m\libgcc.a(_clzsi2.o)
                0x0800b8a0                __clzsi2
 .text          0x0800b8dc       0x54 c:/program files (x86)/gnu tools arm embedded/4.9 2015q2/bin/../lib/gcc/arm-none-eabi/4.9.3/armv6-m\libgcc.a(eqsf2.o)
                0x0800b8dc                __eqsf2
                0x0800b8dc                __nesf2
 .text          0x0800b930       0x94 c:/program files (x86)/gnu tools arm embedded/4.9 2015q2/bin/../lib/gcc/arm-none-eabi/4.9.3/armv6-m\libgcc.a(gesf2.o)
                0x0800b930                __gesf2
                0x0800b930                __gtsf2
 .text          0x0800b9c4       0x8c c:/program files (x86)/gnu tools arm embedded/4.9 2015q2/bin/../lib/gcc/arm-none-eabi/4.9.3/armv6-m\libgcc.a(lesf2.o)
                0x0800b9c4                __ltsf2
                0x0800b9c4                __lesf2
 *(.init)
 *(.fini)
 *crtbegin.o(.ctors)
 *crtbegin?.o(.ctors)
 *(EXCLUDE_FILE(*crtend.o *crtend?.o) .ctors)
 *(SORT(.ctors.*))
 *(.ctors)
 *crtbegin.o(.dtors)
 *crtbegin?.o(.dtors)
 *(EXCLUDE_FILE(*crtend.o *crtend?.o) .dtors)
 *(SORT(.dtors.*))
 *(.dtors)
 *(.rodata*)
 .rodata        0x0800ba50      0x164 ..\obj\ahrsInterface.o
                0x0800ba50                PitchRate
                0x0800ba54                RollRate
                0x0800ba58                YawRate
                0x0800ba5c                Pitch
                0x0800ba60                Roll
                0x0800ba64                Yaw
                0x0800ba68                XVel
                0x0800ba6c                YVel
                0x0800ba70                ZVel
                0x0800ba74                XPos
                0x0800ba78                YPos
                0x0800ba7c                ZPos
                0x0800ba80                XPosGlobal
                0x0800ba84                YPosGlobal
                0x0800ba88                ZPosGlobal
                0x0800ba8c                QuaternionA
                0x0800ba90                QuaternionB
                0x0800ba94                QuaternionC
                0x0800ba98                QuaternionD
 .rodata.npio2_hw
                0x0800bbb4       0x80 c:/program files (x86)/gnu tools arm embedded/4.9 2015q2/bin/../lib/gcc/arm-none-eabi/4.9.3/../../../../arm-none-eabi/lib/armv6-m\libm.a(lib_a-e_rem_pio2.o)
 .rodata.two_over_pi
                0x0800bc34      0x108 c:/program files (x86)/gnu tools arm embedded/4.9 2015q2/bin/../lib/gcc/arm-none-eabi/4.9.3/../../../../arm-none-eabi/lib/armv6-m\libm.a(lib_a-e_rem_pio2.o)
 .rodata.init_jk
                0x0800bd3c       0x10 c:/program files (x86)/gnu tools arm embedded/4.9 2015q2/bin/../lib/gcc/arm-none-eabi/4.9.3/../../../../arm-none-eabi/lib/armv6-m\libm.a(lib_a-k_rem_pio2.o)
 *fill*         0x0800bd4c        0x4 
 .rodata.PIo2   0x0800bd50       0x40 c:/program files (x86)/gnu tools arm embedded/4.9 2015q2/bin/../lib/gcc/arm-none-eabi/4.9.3/../../../../arm-none-eabi/lib/armv6-m\libm.a(lib_a-k_rem_pio2.o)
 .rodata        0x0800bd90       0x80 c:/program files (x86)/gnu tools arm embedded/4.9 2015q2/bin/../lib/gcc/arm-none-eabi/4.9.3/armv6-m\libgcc.a(divsf3.o)
 .rodata        0x0800be10       0x40 c:/program files (x86)/gnu tools arm embedded/4.9 2015q2/bin/../lib/gcc/arm-none-eabi/4.9.3/armv6-m\libgcc.a(mulsf3.o)
 .rodata        0x0800be50       0x40 c:/program files (x86)/gnu tools arm embedded/4.9 2015q2/bin/../lib/gcc/arm-none-eabi/4.9.3/armv6-m\libgcc.a(divdf3.o)
 .rodata        0x0800be90       0x40 c:/program files (x86)/gnu tools arm embedded/4.9 2015q2/bin/../lib/gcc/arm-none-eabi/4.9.3/armv6-m\libgcc.a(muldf3.o)
 *(.eh_fram e*)

.glue_7         0x0800bed0        0x0
 .glue_7        0x00000000        0x0 linker stubs

.glue_7t        0x0800bed0        0x0
 .glue_7t       0x00000000        0x0 linker stubs

.vfp11_veneer   0x0800bed0        0x0
 .vfp11_veneer  0x00000000        0x0 linker stubs

.v4_bx          0x0800bed0        0x0
 .v4_bx         0x00000000        0x0 linker stubs

.iplt           0x0800bed0        0x0
 .iplt          0x00000000        0x0 ..\obj\control.o

.rel.dyn        0x0800bed0        0x0
 .rel.iplt      0x00000000        0x0 ..\obj\control.o

.ARM.extab
 *(.ARM.extab* .gnu.linkonce.armextab.*)
                0x0800bed0                __exidx_start = .

.ARM.exidx
 *(.ARM.exidx* .gnu.linkonce.armexidx.*)
                0x0800bed0                __exidx_end = .
                0x0800bed0                __etext = .
                0x0800bed0                _sidata = __etext

.data           0x20000000       0x3c load address 0x0800bed0
                0x20000000                __data_start__ = .
                0x20000000                _sdata = __data_start__
 *(vtable)
 *(.data*)
 .data          0x20000000        0x5 ..\obj\control.o
                0x20000000                AutoModeAddressWhiteList
 *fill*         0x20000005        0x3 
 .data          0x20000008       0x10 ..\obj\stm32f0xx_rcc.o
 .data          0x20000018        0x8 ..\obj\ahrsInterface.o
                0x20000018                dataOutPtr
                0x2000001c                lastResponseSeen
 .data          0x20000020       0x10 ..\obj\system.o
                0x20000020                ThrustOut
                0x20000024                PitchRateOut
                0x20000028                RollRateOut
                0x2000002c                YawRateOut
 .data          0x20000030        0xc ..\obj\port.o
                0x20000030                NVIC_INT_CTRL
                0x20000034                NVIC_PENDSVSET
                0x20000038                INT_EXIT
                0x2000003c                . = ALIGN (0x4)
                0x2000003c                PROVIDE (__preinit_array_start, .)
 *(.preinit_array)
                0x2000003c                PROVIDE (__preinit_array_end, .)
                0x2000003c                . = ALIGN (0x4)
                0x2000003c                PROVIDE (__init_array_start, .)
 *(SORT(.init_array.*))
 *(.init_array)
                0x2000003c                PROVIDE (__init_array_end, .)
                0x2000003c                . = ALIGN (0x4)
                0x2000003c                PROVIDE (__fini_array_start, .)
 *(SORT(.fini_array.*))
 *(.fini_array)
                0x2000003c                PROVIDE (__fini_array_end, .)
 *(.jcr*)
                0x2000003c                . = ALIGN (0x4)
                0x2000003c                __data_end__ = .
                0x2000003c                _edata = __data_end__

.igot.plt       0x2000003c        0x0 load address 0x0800bf0c
 .igot.plt      0x00000000        0x0 ..\obj\control.o

.bss            0x20000040     0x1758 load address 0x0800bf10
                0x20000040                . = ALIGN (0x4)
                0x20000040                __bss_start__ = .
                0x20000040                _sbss = __bss_start__
 *(.bss*)
 .bss           0x20000040        0x2 ..\obj\control.o
 *fill*         0x20000042        0x2 
 .bss           0x20000044       0xd4 ..\obj\kernelHeap.o
                0x20000044                KernelHeap
                0x2000010c                FMBlist
                0x20000110                Kheap
 .bss           0x20000118        0x3 ..\obj\core.o
                0x20000118                OSIntNesting
                0x20000119                OSSchedLock
                0x2000011a                TaskSchedReq
 *fill*         0x2000011b        0x1 
 .bss           0x2000011c       0x38 ..\obj\timer.o
                0x2000011c                TmrTbl
                0x2000014c                TmrList
                0x20000150                TmrIDVessel
 .bss           0x20000154       0x70 ..\obj\ahrsInterface.o
                0x20000154                sendingData
                0x20000158                sendingDataLength
                0x2000015c                lastResponseAddress
                0x20000160                respondToIncoming
                0x20000164                isInitialised
                0x20000168                EulerUpdated
                0x2000016c                QuatUpdated
                0x20000170                OdometryUpdated
                0x20000174                xAccelDone
                0x20000178                yAccelDone
                0x2000017c                zAccelDone
                0x20000180                accelTimeDone
                0x20000184                pitchRollRateDone
                0x20000188                yawRateDone
                0x2000018c                pitchRollDone
                0x20000190                yawDone
                0x20000194                eulerTimeDone
                0x20000198                quatABDone
                0x2000019c                quatCDDone
                0x200001a0                quatTimeDone
                0x200001a4                xAccel
                0x200001a8                yAccel
                0x200001ac                zAccel
                0x200001b0                accelTime
                0x200001b4                eulerTime
                0x200001b8                quatTime
 *fill*         0x200001c4        0x4 
 .bss           0x200001c8      0x350 ..\obj\task.o
                0x200001c8                TCBTbl
                0x20000488                idle_stk
                0x200004ec                FreeTCB
                0x200004f0                TCBRdy
                0x200004f4                TCBNext
                0x200004f8                TCBRunning
                0x20000500                OSCheckTime
                0x20000508                RdyTaskPri
 .bss           0x20000518       0x2f ..\obj\serviceReq.o
                0x20000518                ServiceReq
                0x20000544                IsrReq
                0x20000545                TimeReq
                0x20000546                TimerReq
 *fill*         0x20000547        0x1 
 .bss           0x20000548      0x284 ..\obj\main.o
 .bss           0x200007cc        0x4 ..\obj\time.o
                0x200007cc                DlyList
 .bss           0x200007d0      0x144 ..\obj\event.o
                0x200007d0                EventTbl
                0x20000910                FreeEventList
 .bss           0x20000914       0x54 ..\obj\mutex.o
                0x20000914                MutexFreeID
                0x20000918                MutexTbl
 .bss           0x20000968       0x14 ..\obj\flag.o
                0x20000968                FlagCrl
 *fill*         0x2000097c        0x4 
 .bss           0x20000980        0x8 ..\obj\arch.o
                0x20000980                OSTickCnt
 *(COMMON)
 COMMON         0x20000988      0x247 ..\obj\control.o
                0x20000988                RegisterMap
                0x20000b40                rxBuffer
                0x20000b88                txBuffer
 *fill*         0x20000bcf        0x1 
 COMMON         0x20000bd0       0xdd ..\obj\ahrsInterface.o
                0x20000bd0                incomingData
                0x20000c18                outgoingData
                0x20000c60                incomingPacket
                0x20000ca8                FirmwareVersion
 *fill*         0x20000cad        0x3 
 COMMON         0x20000cb0       0x28 ..\obj\task.o
                0x20000cb0                PriNum
                0x20000cb4                TaskNumPerPri
                0x20000cc4                RdyTaskPriInfo
                0x20000cc8                ActivePri
 COMMON         0x20000cd8      0xac0 ..\obj\main.o
                0x20000cd8                AHRSPollStack
                0x20000ed8                SumTaskStack
                0x20000fd8                YawRatePIDStack
                0x20001028                ZPosPIDStack
                0x20001078                YawPosPIDStack
                0x200010c8                InitStack
                0x200012c8                YVelPIDStack
                0x20001318                RollPIDStack
                0x20001368                ZVelPIDStack
                0x200013b8                XVelPIDStack
                0x20001408                YPosPIDStack
                0x20001458                PitchPIDStack
                0x200014a8                RollRatePIDStack
                0x200014f8                PitchRatePIDStack
                0x20001548                UltrasonicsStack
                0x20001748                XPosPIDStack
                0x20001798                . = ALIGN (0x4)
                0x20001798                __bss_end__ = .
                0x20001798                _ebss = __bss_end__

.heap           0x20001798        0x0
                0x20001798                __end__ = .
                0x20001798                _end = __end__
                0x20001798                end = __end__
 *(.heap*)
                0x20001798                __HeapLimit = .

.co_stack       0x20001798        0x0
                0x20001798                . = ALIGN (0x8)
 *(.co_stack .co_stack.*)
                0x20002000                __StackTop = (ORIGIN (ram) + 0x2000)
                0x20002000                __StackLimit = (__StackTop - SIZEOF (.co_stack))
                0x20002000                PROVIDE (__stack, __StackTop)
                0x00000001                ASSERT ((__StackLimit >= __HeapLimit), region ram  overflowed with stack)
LOAD ..\obj\control.o
LOAD ..\obj\kernelHeap.o
LOAD ..\obj\core.o
LOAD ..\obj\ultrasonicsInterface.o
LOAD ..\obj\stm32f0xx_rcc.o
LOAD ..\obj\timer.o
LOAD ..\obj\utility.o
LOAD ..\obj\util.o
LOAD ..\obj\ahrsInterface.o
LOAD ..\obj\task.o
LOAD ..\obj\serviceReq.o
LOAD ..\obj\main.o
LOAD ..\obj\startup_stm32f0xx.o
LOAD ..\obj\system.o
LOAD ..\obj\mbox.o
LOAD ..\obj\mm.o
LOAD ..\obj\stm32f0xx_i2c.o
LOAD ..\obj\system_stm32f0xx_temp.o
LOAD ..\obj\stm32f0xx_gpio.o
LOAD ..\obj\time.o
LOAD ..\obj\event.o
LOAD ..\obj\stm32f0xx_usart.o
LOAD ..\obj\PID.o
LOAD ..\obj\stm32f0xx_tim.o
LOAD ..\obj\port.o
LOAD ..\obj\queue.o
LOAD ..\obj\mutex.o
LOAD ..\obj\flag.o
LOAD ..\obj\arch.o
LOAD ..\obj\sem.o
LOAD ..\obj\hook.o
LOAD c:/program files (x86)/gnu tools arm embedded/4.9 2015q2/bin/../lib/gcc/arm-none-eabi/4.9.3/../../../../arm-none-eabi/lib/armv6-m\libm.a
LOAD c:/program files (x86)/gnu tools arm embedded/4.9 2015q2/bin/../lib/gcc/arm-none-eabi/4.9.3/armv6-m\libgcc.a
LOAD c:/program files (x86)/gnu tools arm embedded/4.9 2015q2/bin/../lib/gcc/arm-none-eabi/4.9.3/../../../../arm-none-eabi/lib/armv6-m\libc.a
START GROUP
LOAD c:/program files (x86)/gnu tools arm embedded/4.9 2015q2/bin/../lib/gcc/arm-none-eabi/4.9.3/armv6-m\libgcc.a
LOAD c:/program files (x86)/gnu tools arm embedded/4.9 2015q2/bin/../lib/gcc/arm-none-eabi/4.9.3/../../../../arm-none-eabi/lib/armv6-m\libg.a
LOAD c:/program files (x86)/gnu tools arm embedded/4.9 2015q2/bin/../lib/gcc/arm-none-eabi/4.9.3/../../../../arm-none-eabi/lib/armv6-m\libc.a
END GROUP
OUTPUT(Final_Control_System.elf elf32-littlearm)

.debug_info     0x00000000     0xb978
 .debug_info    0x00000000      0x5b3 ..\obj\control.o
 .debug_info    0x000005b3      0x2d3 ..\obj\kernelHeap.o
 .debug_info    0x00000886      0x2c9 ..\obj\core.o
 .debug_info    0x00000b4f      0x1ec ..\obj\ultrasonicsInterface.o
 .debug_info    0x00000d3b      0x99a ..\obj\stm32f0xx_rcc.o
 .debug_info    0x000016d5      0x3bf ..\obj\timer.o
 .debug_info    0x00001a94      0x42c ..\obj\util.o
 .debug_info    0x00001ec0      0xeef ..\obj\ahrsInterface.o
 .debug_info    0x00002daf      0x9c1 ..\obj\task.o
 .debug_info    0x00003770      0x1e5 ..\obj\serviceReq.o
 .debug_info    0x00003955      0x6b6 ..\obj\main.o
 .debug_info    0x0000400b       0xfc ..\obj\startup_stm32f0xx.o
 .debug_info    0x00004107     0x1197 ..\obj\system.o
 .debug_info    0x0000529e      0x411 ..\obj\mbox.o
 .debug_info    0x000056af      0xbb3 ..\obj\stm32f0xx_i2c.o
 .debug_info    0x00006262      0x2ef ..\obj\system_stm32f0xx_temp.o
 .debug_info    0x00006551      0x5cf ..\obj\stm32f0xx_gpio.o
 .debug_info    0x00006b20      0x3d2 ..\obj\time.o
 .debug_info    0x00006ef2      0x4a6 ..\obj\event.o
 .debug_info    0x00007398      0xe2e ..\obj\stm32f0xx_usart.o
 .debug_info    0x000081c6      0x254 ..\obj\PID.o
 .debug_info    0x0000841a     0x1c67 ..\obj\stm32f0xx_tim.o
 .debug_info    0x0000a081      0x196 ..\obj\port.o
 .debug_info    0x0000a217      0x528 ..\obj\queue.o
 .debug_info    0x0000a73f      0x475 ..\obj\mutex.o
 .debug_info    0x0000abb4      0x639 ..\obj\flag.o
 .debug_info    0x0000b1ed      0x2fe ..\obj\arch.o
 .debug_info    0x0000b4eb      0x3d1 ..\obj\sem.o
 .debug_info    0x0000b8bc       0xbc ..\obj\hook.o

.debug_abbrev   0x00000000     0x28c9
 .debug_abbrev  0x00000000      0x1d7 ..\obj\control.o
 .debug_abbrev  0x000001d7      0x14f ..\obj\kernelHeap.o
 .debug_abbrev  0x00000326       0xf5 ..\obj\core.o
 .debug_abbrev  0x0000041b       0xe3 ..\obj\ultrasonicsInterface.o
 .debug_abbrev  0x000004fe      0x1ec ..\obj\stm32f0xx_rcc.o
 .debug_abbrev  0x000006ea      0x194 ..\obj\timer.o
 .debug_abbrev  0x0000087e       0xe7 ..\obj\util.o
 .debug_abbrev  0x00000965      0x276 ..\obj\ahrsInterface.o
 .debug_abbrev  0x00000bdb      0x266 ..\obj\task.o
 .debug_abbrev  0x00000e41      0x114 ..\obj\serviceReq.o
 .debug_abbrev  0x00000f55      0x138 ..\obj\main.o
 .debug_abbrev  0x0000108d       0x12 ..\obj\startup_stm32f0xx.o
 .debug_abbrev  0x0000109f      0x2bf ..\obj\system.o
 .debug_abbrev  0x0000135e      0x15f ..\obj\mbox.o
 .debug_abbrev  0x000014bd      0x185 ..\obj\stm32f0xx_i2c.o
 .debug_abbrev  0x00001642      0x134 ..\obj\system_stm32f0xx_temp.o
 .debug_abbrev  0x00001776      0x19b ..\obj\stm32f0xx_gpio.o
 .debug_abbrev  0x00001911      0x194 ..\obj\time.o
 .debug_abbrev  0x00001aa5      0x1d4 ..\obj\event.o
 .debug_abbrev  0x00001c79      0x15c ..\obj\stm32f0xx_usart.o
 .debug_abbrev  0x00001dd5       0xf6 ..\obj\PID.o
 .debug_abbrev  0x00001ecb      0x1b5 ..\obj\stm32f0xx_tim.o
 .debug_abbrev  0x00002080       0xcf ..\obj\port.o
 .debug_abbrev  0x0000214f      0x17f ..\obj\queue.o
 .debug_abbrev  0x000022ce      0x15f ..\obj\mutex.o
 .debug_abbrev  0x0000242d      0x1b1 ..\obj\flag.o
 .debug_abbrev  0x000025de      0x111 ..\obj\arch.o
 .debug_abbrev  0x000026ef      0x150 ..\obj\sem.o
 .debug_abbrev  0x0000283f       0x8a ..\obj\hook.o

.debug_aranges  0x00000000      0xf30
 .debug_aranges
                0x00000000       0x50 ..\obj\control.o
 .debug_aranges
                0x00000050       0x38 ..\obj\kernelHeap.o
 .debug_aranges
                0x00000088       0x58 ..\obj\core.o
 .debug_aranges
                0x000000e0       0x28 ..\obj\ultrasonicsInterface.o
 .debug_aranges
                0x00000108      0x150 ..\obj\stm32f0xx_rcc.o
 .debug_aranges
                0x00000258       0x68 ..\obj\timer.o
 .debug_aranges
                0x000002c0       0x60 ..\obj\util.o
 .debug_aranges
                0x00000320       0x80 ..\obj\ahrsInterface.o
 .debug_aranges
                0x000003a0       0xb0 ..\obj\task.o
 .debug_aranges
                0x00000450       0x28 ..\obj\serviceReq.o
 .debug_aranges
                0x00000478       0x20 ..\obj\main.o
 .debug_aranges
                0x00000498       0x28 ..\obj\startup_stm32f0xx.o
 .debug_aranges
                0x000004c0       0xc8 ..\obj\system.o
 .debug_aranges
                0x00000588       0x48 ..\obj\mbox.o
 .debug_aranges
                0x000005d0      0x168 ..\obj\stm32f0xx_i2c.o
 .debug_aranges
                0x00000738       0x30 ..\obj\system_stm32f0xx_temp.o
 .debug_aranges
                0x00000768       0x80 ..\obj\stm32f0xx_gpio.o
 .debug_aranges
                0x000007e8       0x58 ..\obj\time.o
 .debug_aranges
                0x00000840       0x50 ..\obj\event.o
 .debug_aranges
                0x00000890      0x1a0 ..\obj\stm32f0xx_usart.o
 .debug_aranges
                0x00000a30       0x20 ..\obj\PID.o
 .debug_aranges
                0x00000a50      0x300 ..\obj\stm32f0xx_tim.o
 .debug_aranges
                0x00000d50       0x50 ..\obj\port.o
 .debug_aranges
                0x00000da0       0x48 ..\obj\queue.o
 .debug_aranges
                0x00000de8       0x38 ..\obj\mutex.o
 .debug_aranges
                0x00000e20       0x78 ..\obj\flag.o
 .debug_aranges
                0x00000e98       0x28 ..\obj\arch.o
 .debug_aranges
                0x00000ec0       0x48 ..\obj\sem.o
 .debug_aranges
                0x00000f08       0x28 ..\obj\hook.o

.debug_ranges   0x00000000      0xd68
 .debug_ranges  0x00000000       0x40 ..\obj\control.o
 .debug_ranges  0x00000040       0x28 ..\obj\kernelHeap.o
 .debug_ranges  0x00000068       0x48 ..\obj\core.o
 .debug_ranges  0x000000b0       0x18 ..\obj\ultrasonicsInterface.o
 .debug_ranges  0x000000c8      0x140 ..\obj\stm32f0xx_rcc.o
 .debug_ranges  0x00000208       0x58 ..\obj\timer.o
 .debug_ranges  0x00000260       0x50 ..\obj\util.o
 .debug_ranges  0x000002b0       0x70 ..\obj\ahrsInterface.o
 .debug_ranges  0x00000320       0xa0 ..\obj\task.o
 .debug_ranges  0x000003c0       0x18 ..\obj\serviceReq.o
 .debug_ranges  0x000003d8       0x10 ..\obj\main.o
 .debug_ranges  0x000003e8       0x20 ..\obj\startup_stm32f0xx.o
 .debug_ranges  0x00000408       0xb8 ..\obj\system.o
 .debug_ranges  0x000004c0       0x38 ..\obj\mbox.o
 .debug_ranges  0x000004f8      0x158 ..\obj\stm32f0xx_i2c.o
 .debug_ranges  0x00000650       0x20 ..\obj\system_stm32f0xx_temp.o
 .debug_ranges  0x00000670       0x70 ..\obj\stm32f0xx_gpio.o
 .debug_ranges  0x000006e0       0x48 ..\obj\time.o
 .debug_ranges  0x00000728       0x40 ..\obj\event.o
 .debug_ranges  0x00000768      0x190 ..\obj\stm32f0xx_usart.o
 .debug_ranges  0x000008f8       0x10 ..\obj\PID.o
 .debug_ranges  0x00000908      0x2f0 ..\obj\stm32f0xx_tim.o
 .debug_ranges  0x00000bf8       0x40 ..\obj\port.o
 .debug_ranges  0x00000c38       0x38 ..\obj\queue.o
 .debug_ranges  0x00000c70       0x28 ..\obj\mutex.o
 .debug_ranges  0x00000c98       0x68 ..\obj\flag.o
 .debug_ranges  0x00000d00       0x18 ..\obj\arch.o
 .debug_ranges  0x00000d18       0x38 ..\obj\sem.o
 .debug_ranges  0x00000d50       0x18 ..\obj\hook.o

.debug_line     0x00000000     0x53f4
 .debug_line    0x00000000      0x3c0 ..\obj\control.o
 .debug_line    0x000003c0      0x1b1 ..\obj\kernelHeap.o
 .debug_line    0x00000571      0x149 ..\obj\core.o
 .debug_line    0x000006ba      0x21a ..\obj\ultrasonicsInterface.o
 .debug_line    0x000008d4      0x581 ..\obj\stm32f0xx_rcc.o
 .debug_line    0x00000e55      0x213 ..\obj\timer.o
 .debug_line    0x00001068      0x256 ..\obj\util.o
 .debug_line    0x000012be      0x538 ..\obj\ahrsInterface.o
 .debug_line    0x000017f6      0x498 ..\obj\task.o
 .debug_line    0x00001c8e       0xed ..\obj\serviceReq.o
 .debug_line    0x00001d7b      0x1f3 ..\obj\main.o
 .debug_line    0x00001f6e       0xd1 ..\obj\startup_stm32f0xx.o
 .debug_line    0x0000203f      0x742 ..\obj\system.o
 .debug_line    0x00002781      0x15b ..\obj\mbox.o
 .debug_line    0x000028dc      0x5a3 ..\obj\stm32f0xx_i2c.o
 .debug_line    0x00002e7f      0x1eb ..\obj\system_stm32f0xx_temp.o
 .debug_line    0x0000306a      0x359 ..\obj\stm32f0xx_gpio.o
 .debug_line    0x000033c3      0x21f ..\obj\time.o
 .debug_line    0x000035e2      0x1cf ..\obj\event.o
 .debug_line    0x000037b1      0x640 ..\obj\stm32f0xx_usart.o
 .debug_line    0x00003df1      0x115 ..\obj\PID.o
 .debug_line    0x00003f06      0xa9c ..\obj\stm32f0xx_tim.o
 .debug_line    0x000049a2      0x16c ..\obj\port.o
 .debug_line    0x00004b0e      0x1a3 ..\obj\queue.o
 .debug_line    0x00004cb1      0x17c ..\obj\mutex.o
 .debug_line    0x00004e2d      0x289 ..\obj\flag.o
 .debug_line    0x000050b6      0x139 ..\obj\arch.o
 .debug_line    0x000051ef      0x156 ..\obj\sem.o
 .debug_line    0x00005345       0xaf ..\obj\hook.o

.debug_str      0x00000000     0x4758
 .debug_str     0x00000000      0x419 ..\obj\control.o
                                0x4bd (size before relaxing)
 .debug_str     0x00000419      0x165 ..\obj\kernelHeap.o
                                0x259 (size before relaxing)
 .debug_str     0x0000057e      0x19d ..\obj\core.o
                                0x2a8 (size before relaxing)
 .debug_str     0x0000071b       0xbc ..\obj\ultrasonicsInterface.o
                                0x259 (size before relaxing)
 .debug_str     0x000007d7      0x5b3 ..\obj\stm32f0xx_rcc.o
                                0x741 (size before relaxing)
 .debug_str     0x00000d8a      0x170 ..\obj\timer.o
                                0x296 (size before relaxing)
 .debug_str     0x00000efa      0x13d ..\obj\util.o
                                0x2a4 (size before relaxing)
 .debug_str     0x00001037      0x7b4 ..\obj\ahrsInterface.o
                                0xa0f (size before relaxing)
 .debug_str     0x000017eb      0x324 ..\obj\task.o
                                0x522 (size before relaxing)
 .debug_str     0x00001b0f       0xc1 ..\obj\serviceReq.o
                                0x1ce (size before relaxing)
 .debug_str     0x00001bd0      0x464 ..\obj\main.o
                                0x64d (size before relaxing)
 .debug_str     0x00002034      0x6d0 ..\obj\system.o
                                0xdb3 (size before relaxing)
 .debug_str     0x00002704       0xb3 ..\obj\mbox.o
                                0x2e9 (size before relaxing)
 .debug_str     0x000027b7      0x401 ..\obj\stm32f0xx_i2c.o
                                0x656 (size before relaxing)
 .debug_str     0x00002bb8       0xd0 ..\obj\system_stm32f0xx_temp.o
                                0x2b8 (size before relaxing)
 .debug_str     0x00002c88      0x19a ..\obj\stm32f0xx_gpio.o
                                0x4a8 (size before relaxing)
 .debug_str     0x00002e22       0xf1 ..\obj\time.o
                                0x305 (size before relaxing)
 .debug_str     0x00002f13      0x106 ..\obj\event.o
                                0x350 (size before relaxing)
 .debug_str     0x00003019      0x681 ..\obj\stm32f0xx_usart.o
                                0x96f (size before relaxing)
 .debug_str     0x0000369a       0x8c ..\obj\PID.o
                                0x2a4 (size before relaxing)
 .debug_str     0x00003726      0xa46 ..\obj\stm32f0xx_tim.o
                                0xdfa (size before relaxing)
 .debug_str     0x0000416c       0xee ..\obj\port.o
                                0x1e8 (size before relaxing)
 .debug_str     0x0000425a       0xd1 ..\obj\queue.o
                                0x34d (size before relaxing)
 .debug_str     0x0000432b       0xaf ..\obj\mutex.o
                                0x358 (size before relaxing)
 .debug_str     0x000043da      0x1c8 ..\obj\flag.o
                                0x3c6 (size before relaxing)
 .debug_str     0x000045a2       0x8c ..\obj\arch.o
                                0x2c8 (size before relaxing)
 .debug_str     0x0000462e       0xab ..\obj\sem.o
                                0x2ec (size before relaxing)
 .debug_str     0x000046d9       0x7f ..\obj\hook.o
                                0x17b (size before relaxing)

.comment        0x00000000       0x70
 .comment       0x00000000       0x70 ..\obj\control.o
                                 0x71 (size before relaxing)
 .comment       0x00000000       0x71 ..\obj\kernelHeap.o
 .comment       0x00000000       0x71 ..\obj\core.o
 .comment       0x00000000       0x71 ..\obj\ultrasonicsInterface.o
 .comment       0x00000000       0x71 ..\obj\stm32f0xx_rcc.o
 .comment       0x00000000       0x71 ..\obj\timer.o
 .comment       0x00000000       0x71 ..\obj\util.o
 .comment       0x00000000       0x71 ..\obj\ahrsInterface.o
 .comment       0x00000000       0x71 ..\obj\task.o
 .comment       0x00000000       0x71 ..\obj\serviceReq.o
 .comment       0x00000000       0x71 ..\obj\main.o
 .comment       0x00000000       0x71 ..\obj\system.o
 .comment       0x00000000       0x71 ..\obj\mbox.o
 .comment       0x00000000       0x71 ..\obj\stm32f0xx_i2c.o
 .comment       0x00000000       0x71 ..\obj\system_stm32f0xx_temp.o
 .comment       0x00000000       0x71 ..\obj\stm32f0xx_gpio.o
 .comment       0x00000000       0x71 ..\obj\time.o
 .comment       0x00000000       0x71 ..\obj\event.o
 .comment       0x00000000       0x71 ..\obj\stm32f0xx_usart.o
 .comment       0x00000000       0x71 ..\obj\PID.o
 .comment       0x00000000       0x71 ..\obj\stm32f0xx_tim.o
 .comment       0x00000000       0x71 ..\obj\port.o
 .comment       0x00000000       0x71 ..\obj\queue.o
 .comment       0x00000000       0x71 ..\obj\mutex.o
 .comment       0x00000000       0x71 ..\obj\flag.o
 .comment       0x00000000       0x71 ..\obj\arch.o
 .comment       0x00000000       0x71 ..\obj\sem.o
 .comment       0x00000000       0x71 ..\obj\hook.o

.ARM.attributes
                0x00000000       0x2f
 .ARM.attributes
                0x00000000       0x31 ..\obj\control.o
 .ARM.attributes
                0x00000031       0x31 ..\obj\kernelHeap.o
 .ARM.attributes
                0x00000062       0x31 ..\obj\core.o
 .ARM.attributes
                0x00000093       0x31 ..\obj\ultrasonicsInterface.o
 .ARM.attributes
                0x000000c4       0x31 ..\obj\stm32f0xx_rcc.o
 .ARM.attributes
                0x000000f5       0x31 ..\obj\timer.o
 .ARM.attributes
                0x00000126       0x31 ..\obj\util.o
 .ARM.attributes
                0x00000157       0x31 ..\obj\ahrsInterface.o
 .ARM.attributes
                0x00000188       0x31 ..\obj\task.o
 .ARM.attributes
                0x000001b9       0x31 ..\obj\serviceReq.o
 .ARM.attributes
                0x000001ea       0x31 ..\obj\main.o
 .ARM.attributes
                0x0000021b       0x21 ..\obj\startup_stm32f0xx.o
 .ARM.attributes
                0x0000023c       0x31 ..\obj\system.o
 .ARM.attributes
                0x0000026d       0x31 ..\obj\mbox.o
 .ARM.attributes
                0x0000029e       0x31 ..\obj\stm32f0xx_i2c.o
 .ARM.attributes
                0x000002cf       0x31 ..\obj\system_stm32f0xx_temp.o
 .ARM.attributes
                0x00000300       0x31 ..\obj\stm32f0xx_gpio.o
 .ARM.attributes
                0x00000331       0x31 ..\obj\time.o
 .ARM.attributes
                0x00000362       0x31 ..\obj\event.o
 .ARM.attributes
                0x00000393       0x31 ..\obj\stm32f0xx_usart.o
 .ARM.attributes
                0x000003c4       0x31 ..\obj\PID.o
 .ARM.attributes
                0x000003f5       0x31 ..\obj\stm32f0xx_tim.o
 .ARM.attributes
                0x00000426       0x31 ..\obj\port.o
 .ARM.attributes
                0x00000457       0x31 ..\obj\queue.o
 .ARM.attributes
                0x00000488       0x31 ..\obj\mutex.o
 .ARM.attributes
                0x000004b9       0x31 ..\obj\flag.o
 .ARM.attributes
                0x000004ea       0x31 ..\obj\arch.o
 .ARM.attributes
                0x0000051b       0x31 ..\obj\sem.o
 .ARM.attributes
                0x0000054c       0x31 ..\obj\hook.o
 .ARM.attributes
                0x0000057d       0x2c c:/program files (x86)/gnu tools arm embedded/4.9 2015q2/bin/../lib/gcc/arm-none-eabi/4.9.3/../../../../arm-none-eabi/lib/armv6-m\libm.a(lib_a-s_cos.o)
 .ARM.attributes
                0x000005a9       0x2c c:/program files (x86)/gnu tools arm embedded/4.9 2015q2/bin/../lib/gcc/arm-none-eabi/4.9.3/../../../../arm-none-eabi/lib/armv6-m\libm.a(lib_a-s_sin.o)
 .ARM.attributes
                0x000005d5       0x2c c:/program files (x86)/gnu tools arm embedded/4.9 2015q2/bin/../lib/gcc/arm-none-eabi/4.9.3/../../../../arm-none-eabi/lib/armv6-m\libm.a(lib_a-e_rem_pio2.o)
 .ARM.attributes
                0x00000601       0x2c c:/program files (x86)/gnu tools arm embedded/4.9 2015q2/bin/../lib/gcc/arm-none-eabi/4.9.3/../../../../arm-none-eabi/lib/armv6-m\libm.a(lib_a-k_cos.o)
 .ARM.attributes
                0x0000062d       0x2c c:/program files (x86)/gnu tools arm embedded/4.9 2015q2/bin/../lib/gcc/arm-none-eabi/4.9.3/../../../../arm-none-eabi/lib/armv6-m\libm.a(lib_a-k_rem_pio2.o)
 .ARM.attributes
                0x00000659       0x2c c:/program files (x86)/gnu tools arm embedded/4.9 2015q2/bin/../lib/gcc/arm-none-eabi/4.9.3/../../../../arm-none-eabi/lib/armv6-m\libm.a(lib_a-k_sin.o)
 .ARM.attributes
                0x00000685       0x2c c:/program files (x86)/gnu tools arm embedded/4.9 2015q2/bin/../lib/gcc/arm-none-eabi/4.9.3/../../../../arm-none-eabi/lib/armv6-m\libm.a(lib_a-s_fabs.o)
 .ARM.attributes
                0x000006b1       0x2c c:/program files (x86)/gnu tools arm embedded/4.9 2015q2/bin/../lib/gcc/arm-none-eabi/4.9.3/../../../../arm-none-eabi/lib/armv6-m\libm.a(lib_a-s_floor.o)
 .ARM.attributes
                0x000006dd       0x2c c:/program files (x86)/gnu tools arm embedded/4.9 2015q2/bin/../lib/gcc/arm-none-eabi/4.9.3/../../../../arm-none-eabi/lib/armv6-m\libm.a(lib_a-s_scalbn.o)
 .ARM.attributes
                0x00000709       0x2c c:/program files (x86)/gnu tools arm embedded/4.9 2015q2/bin/../lib/gcc/arm-none-eabi/4.9.3/../../../../arm-none-eabi/lib/armv6-m\libm.a(lib_a-s_copysign.o)
 .ARM.attributes
                0x00000735       0x1e c:/program files (x86)/gnu tools arm embedded/4.9 2015q2/bin/../lib/gcc/arm-none-eabi/4.9.3/armv6-m\libgcc.a(_udivsi3.o)
 .ARM.attributes
                0x00000753       0x1e c:/program files (x86)/gnu tools arm embedded/4.9 2015q2/bin/../lib/gcc/arm-none-eabi/4.9.3/armv6-m\libgcc.a(_divsi3.o)
 .ARM.attributes
                0x00000771       0x1e c:/program files (x86)/gnu tools arm embedded/4.9 2015q2/bin/../lib/gcc/arm-none-eabi/4.9.3/armv6-m\libgcc.a(_dvmd_tls.o)
 .ARM.attributes
                0x0000078f       0x1e c:/program files (x86)/gnu tools arm embedded/4.9 2015q2/bin/../lib/gcc/arm-none-eabi/4.9.3/armv6-m\libgcc.a(_arm_cmpdf2.o)
 .ARM.attributes
                0x000007ad       0x2c c:/program files (x86)/gnu tools arm embedded/4.9 2015q2/bin/../lib/gcc/arm-none-eabi/4.9.3/armv6-m\libgcc.a(_fixunssfsi.o)
 .ARM.attributes
                0x000007d9       0x2c c:/program files (x86)/gnu tools arm embedded/4.9 2015q2/bin/../lib/gcc/arm-none-eabi/4.9.3/armv6-m\libgcc.a(addsf3.o)
 .ARM.attributes
                0x00000805       0x2c c:/program files (x86)/gnu tools arm embedded/4.9 2015q2/bin/../lib/gcc/arm-none-eabi/4.9.3/armv6-m\libgcc.a(divsf3.o)
 .ARM.attributes
                0x00000831       0x2c c:/program files (x86)/gnu tools arm embedded/4.9 2015q2/bin/../lib/gcc/arm-none-eabi/4.9.3/armv6-m\libgcc.a(mulsf3.o)
 .ARM.attributes
                0x0000085d       0x2c c:/program files (x86)/gnu tools arm embedded/4.9 2015q2/bin/../lib/gcc/arm-none-eabi/4.9.3/armv6-m\libgcc.a(subsf3.o)
 .ARM.attributes
                0x00000889       0x2c c:/program files (x86)/gnu tools arm embedded/4.9 2015q2/bin/../lib/gcc/arm-none-eabi/4.9.3/armv6-m\libgcc.a(fixsfsi.o)
 .ARM.attributes
                0x000008b5       0x2c c:/program files (x86)/gnu tools arm embedded/4.9 2015q2/bin/../lib/gcc/arm-none-eabi/4.9.3/armv6-m\libgcc.a(floatsisf.o)
 .ARM.attributes
                0x000008e1       0x2c c:/program files (x86)/gnu tools arm embedded/4.9 2015q2/bin/../lib/gcc/arm-none-eabi/4.9.3/armv6-m\libgcc.a(floatunsisf.o)
 .ARM.attributes
                0x0000090d       0x2c c:/program files (x86)/gnu tools arm embedded/4.9 2015q2/bin/../lib/gcc/arm-none-eabi/4.9.3/armv6-m\libgcc.a(adddf3.o)
 .ARM.attributes
                0x00000939       0x2c c:/program files (x86)/gnu tools arm embedded/4.9 2015q2/bin/../lib/gcc/arm-none-eabi/4.9.3/armv6-m\libgcc.a(divdf3.o)
 .ARM.attributes
                0x00000965       0x2c c:/program files (x86)/gnu tools arm embedded/4.9 2015q2/bin/../lib/gcc/arm-none-eabi/4.9.3/armv6-m\libgcc.a(eqdf2.o)
 .ARM.attributes
                0x00000991       0x2c c:/program files (x86)/gnu tools arm embedded/4.9 2015q2/bin/../lib/gcc/arm-none-eabi/4.9.3/armv6-m\libgcc.a(gedf2.o)
 .ARM.attributes
                0x000009bd       0x2c c:/program files (x86)/gnu tools arm embedded/4.9 2015q2/bin/../lib/gcc/arm-none-eabi/4.9.3/armv6-m\libgcc.a(ledf2.o)
 .ARM.attributes
                0x000009e9       0x2c c:/program files (x86)/gnu tools arm embedded/4.9 2015q2/bin/../lib/gcc/arm-none-eabi/4.9.3/armv6-m\libgcc.a(muldf3.o)
 .ARM.attributes
                0x00000a15       0x2c c:/program files (x86)/gnu tools arm embedded/4.9 2015q2/bin/../lib/gcc/arm-none-eabi/4.9.3/armv6-m\libgcc.a(subdf3.o)
 .ARM.attributes
                0x00000a41       0x2c c:/program files (x86)/gnu tools arm embedded/4.9 2015q2/bin/../lib/gcc/arm-none-eabi/4.9.3/armv6-m\libgcc.a(fixdfsi.o)
 .ARM.attributes
                0x00000a6d       0x2c c:/program files (x86)/gnu tools arm embedded/4.9 2015q2/bin/../lib/gcc/arm-none-eabi/4.9.3/armv6-m\libgcc.a(floatsidf.o)
 .ARM.attributes
                0x00000a99       0x2c c:/program files (x86)/gnu tools arm embedded/4.9 2015q2/bin/../lib/gcc/arm-none-eabi/4.9.3/armv6-m\libgcc.a(floatunsidf.o)
 .ARM.attributes
                0x00000ac5       0x2c c:/program files (x86)/gnu tools arm embedded/4.9 2015q2/bin/../lib/gcc/arm-none-eabi/4.9.3/armv6-m\libgcc.a(extendsfdf2.o)
 .ARM.attributes
                0x00000af1       0x2c c:/program files (x86)/gnu tools arm embedded/4.9 2015q2/bin/../lib/gcc/arm-none-eabi/4.9.3/armv6-m\libgcc.a(truncdfsf2.o)
 .ARM.attributes
                0x00000b1d       0x1e c:/program files (x86)/gnu tools arm embedded/4.9 2015q2/bin/../lib/gcc/arm-none-eabi/4.9.3/armv6-m\libgcc.a(_arm_cmpsf2.o)
 .ARM.attributes
                0x00000b3b       0x1e c:/program files (x86)/gnu tools arm embedded/4.9 2015q2/bin/../lib/gcc/arm-none-eabi/4.9.3/armv6-m\libgcc.a(_clzsi2.o)
 .ARM.attributes
                0x00000b59       0x2c c:/program files (x86)/gnu tools arm embedded/4.9 2015q2/bin/../lib/gcc/arm-none-eabi/4.9.3/armv6-m\libgcc.a(eqsf2.o)
 .ARM.attributes
                0x00000b85       0x2c c:/program files (x86)/gnu tools arm embedded/4.9 2015q2/bin/../lib/gcc/arm-none-eabi/4.9.3/armv6-m\libgcc.a(gesf2.o)
 .ARM.attributes
                0x00000bb1       0x2c c:/program files (x86)/gnu tools arm embedded/4.9 2015q2/bin/../lib/gcc/arm-none-eabi/4.9.3/armv6-m\libgcc.a(lesf2.o)

.debug_frame    0x00000000     0x397c
 .debug_frame   0x00000000       0xf0 ..\obj\control.o
 .debug_frame   0x000000f0       0x8c ..\obj\kernelHeap.o
 .debug_frame   0x0000017c       0xf0 ..\obj\core.o
 .debug_frame   0x0000026c       0x4c ..\obj\ultrasonicsInterface.o
 .debug_frame   0x000002b8      0x4e4 ..\obj\stm32f0xx_rcc.o
 .debug_frame   0x0000079c      0x14c ..\obj\timer.o
 .debug_frame   0x000008e8      0x134 ..\obj\util.o
 .debug_frame   0x00000a1c      0x1b4 ..\obj\ahrsInterface.o
 .debug_frame   0x00000bd0      0x270 ..\obj\task.o
 .debug_frame   0x00000e40       0x50 ..\obj\serviceReq.o
 .debug_frame   0x00000e90       0x30 ..\obj\main.o
 .debug_frame   0x00000ec0      0x2b8 ..\obj\system.o
 .debug_frame   0x00001178       0xd0 ..\obj\mbox.o
 .debug_frame   0x00001248      0x550 ..\obj\stm32f0xx_i2c.o
 .debug_frame   0x00001798       0x6c ..\obj\system_stm32f0xx_temp.o
 .debug_frame   0x00001804      0x1b0 ..\obj\stm32f0xx_gpio.o
 .debug_frame   0x000019b4      0x10c ..\obj\time.o
 .debug_frame   0x00001ac0       0xf0 ..\obj\event.o
 .debug_frame   0x00001bb0      0x630 ..\obj\stm32f0xx_usart.o
 .debug_frame   0x000021e0       0x30 ..\obj\PID.o
 .debug_frame   0x00002210      0xbb0 ..\obj\stm32f0xx_tim.o
 .debug_frame   0x00002dc0       0xb8 ..\obj\port.o
 .debug_frame   0x00002e78       0xd0 ..\obj\queue.o
 .debug_frame   0x00002f48       0x90 ..\obj\mutex.o
 .debug_frame   0x00002fd8      0x190 ..\obj\flag.o
 .debug_frame   0x00003168       0x50 ..\obj\arch.o
 .debug_frame   0x000031b8       0xd0 ..\obj\sem.o
 .debug_frame   0x00003288       0x50 ..\obj\hook.o
 .debug_frame   0x000032d8       0x2c c:/program files (x86)/gnu tools arm embedded/4.9 2015q2/bin/../lib/gcc/arm-none-eabi/4.9.3/../../../../arm-none-eabi/lib/armv6-m\libm.a(lib_a-s_cos.o)
 .debug_frame   0x00003304       0x2c c:/program files (x86)/gnu tools arm embedded/4.9 2015q2/bin/../lib/gcc/arm-none-eabi/4.9.3/../../../../arm-none-eabi/lib/armv6-m\libm.a(lib_a-s_sin.o)
 .debug_frame   0x00003330       0x3c c:/program files (x86)/gnu tools arm embedded/4.9 2015q2/bin/../lib/gcc/arm-none-eabi/4.9.3/../../../../arm-none-eabi/lib/armv6-m\libm.a(lib_a-e_rem_pio2.o)
 .debug_frame   0x0000336c       0x38 c:/program files (x86)/gnu tools arm embedded/4.9 2015q2/bin/../lib/gcc/arm-none-eabi/4.9.3/../../../../arm-none-eabi/lib/armv6-m\libm.a(lib_a-k_cos.o)
 .debug_frame   0x000033a4       0x3c c:/program files (x86)/gnu tools arm embedded/4.9 2015q2/bin/../lib/gcc/arm-none-eabi/4.9.3/../../../../arm-none-eabi/lib/armv6-m\libm.a(lib_a-k_rem_pio2.o)
 .debug_frame   0x000033e0       0x38 c:/program files (x86)/gnu tools arm embedded/4.9 2015q2/bin/../lib/gcc/arm-none-eabi/4.9.3/../../../../arm-none-eabi/lib/armv6-m\libm.a(lib_a-k_sin.o)
 .debug_frame   0x00003418       0x20 c:/program files (x86)/gnu tools arm embedded/4.9 2015q2/bin/../lib/gcc/arm-none-eabi/4.9.3/../../../../arm-none-eabi/lib/armv6-m\libm.a(lib_a-s_fabs.o)
 .debug_frame   0x00003438       0x3c c:/program files (x86)/gnu tools arm embedded/4.9 2015q2/bin/../lib/gcc/arm-none-eabi/4.9.3/../../../../arm-none-eabi/lib/armv6-m\libm.a(lib_a-s_floor.o)
 .debug_frame   0x00003474       0x30 c:/program files (x86)/gnu tools arm embedded/4.9 2015q2/bin/../lib/gcc/arm-none-eabi/4.9.3/../../../../arm-none-eabi/lib/armv6-m\libm.a(lib_a-s_scalbn.o)
 .debug_frame   0x000034a4       0x2c c:/program files (x86)/gnu tools arm embedded/4.9 2015q2/bin/../lib/gcc/arm-none-eabi/4.9.3/../../../../arm-none-eabi/lib/armv6-m\libm.a(lib_a-s_copysign.o)
 .debug_frame   0x000034d0       0x20 c:/program files (x86)/gnu tools arm embedded/4.9 2015q2/bin/../lib/gcc/arm-none-eabi/4.9.3/armv6-m\libgcc.a(_udivsi3.o)
 .debug_frame   0x000034f0       0x20 c:/program files (x86)/gnu tools arm embedded/4.9 2015q2/bin/../lib/gcc/arm-none-eabi/4.9.3/armv6-m\libgcc.a(_divsi3.o)
 .debug_frame   0x00003510       0x28 c:/program files (x86)/gnu tools arm embedded/4.9 2015q2/bin/../lib/gcc/arm-none-eabi/4.9.3/armv6-m\libgcc.a(_fixunssfsi.o)
 .debug_frame   0x00003538       0x30 c:/program files (x86)/gnu tools arm embedded/4.9 2015q2/bin/../lib/gcc/arm-none-eabi/4.9.3/armv6-m\libgcc.a(addsf3.o)
 .debug_frame   0x00003568       0x3c c:/program files (x86)/gnu tools arm embedded/4.9 2015q2/bin/../lib/gcc/arm-none-eabi/4.9.3/armv6-m\libgcc.a(divsf3.o)
 .debug_frame   0x000035a4       0x3c c:/program files (x86)/gnu tools arm embedded/4.9 2015q2/bin/../lib/gcc/arm-none-eabi/4.9.3/armv6-m\libgcc.a(mulsf3.o)
 .debug_frame   0x000035e0       0x30 c:/program files (x86)/gnu tools arm embedded/4.9 2015q2/bin/../lib/gcc/arm-none-eabi/4.9.3/armv6-m\libgcc.a(subsf3.o)
 .debug_frame   0x00003610       0x20 c:/program files (x86)/gnu tools arm embedded/4.9 2015q2/bin/../lib/gcc/arm-none-eabi/4.9.3/armv6-m\libgcc.a(fixsfsi.o)
 .debug_frame   0x00003630       0x2c c:/program files (x86)/gnu tools arm embedded/4.9 2015q2/bin/../lib/gcc/arm-none-eabi/4.9.3/armv6-m\libgcc.a(floatsisf.o)
 .debug_frame   0x0000365c       0x28 c:/program files (x86)/gnu tools arm embedded/4.9 2015q2/bin/../lib/gcc/arm-none-eabi/4.9.3/armv6-m\libgcc.a(floatunsisf.o)
 .debug_frame   0x00003684       0x38 c:/program files (x86)/gnu tools arm embedded/4.9 2015q2/bin/../lib/gcc/arm-none-eabi/4.9.3/armv6-m\libgcc.a(adddf3.o)
 .debug_frame   0x000036bc       0x3c c:/program files (x86)/gnu tools arm embedded/4.9 2015q2/bin/../lib/gcc/arm-none-eabi/4.9.3/armv6-m\libgcc.a(divdf3.o)
 .debug_frame   0x000036f8       0x38 c:/program files (x86)/gnu tools arm embedded/4.9 2015q2/bin/../lib/gcc/arm-none-eabi/4.9.3/armv6-m\libgcc.a(eqdf2.o)
 .debug_frame   0x00003730       0x38 c:/program files (x86)/gnu tools arm embedded/4.9 2015q2/bin/../lib/gcc/arm-none-eabi/4.9.3/armv6-m\libgcc.a(gedf2.o)
 .debug_frame   0x00003768       0x38 c:/program files (x86)/gnu tools arm embedded/4.9 2015q2/bin/../lib/gcc/arm-none-eabi/4.9.3/armv6-m\libgcc.a(ledf2.o)
 .debug_frame   0x000037a0       0x3c c:/program files (x86)/gnu tools arm embedded/4.9 2015q2/bin/../lib/gcc/arm-none-eabi/4.9.3/armv6-m\libgcc.a(muldf3.o)
 .debug_frame   0x000037dc       0x3c c:/program files (x86)/gnu tools arm embedded/4.9 2015q2/bin/../lib/gcc/arm-none-eabi/4.9.3/armv6-m\libgcc.a(subdf3.o)
 .debug_frame   0x00003818       0x2c c:/program files (x86)/gnu tools arm embedded/4.9 2015q2/bin/../lib/gcc/arm-none-eabi/4.9.3/armv6-m\libgcc.a(fixdfsi.o)
 .debug_frame   0x00003844       0x2c c:/program files (x86)/gnu tools arm embedded/4.9 2015q2/bin/../lib/gcc/arm-none-eabi/4.9.3/armv6-m\libgcc.a(floatsidf.o)
 .debug_frame   0x00003870       0x28 c:/program files (x86)/gnu tools arm embedded/4.9 2015q2/bin/../lib/gcc/arm-none-eabi/4.9.3/armv6-m\libgcc.a(floatunsidf.o)
 .debug_frame   0x00003898       0x2c c:/program files (x86)/gnu tools arm embedded/4.9 2015q2/bin/../lib/gcc/arm-none-eabi/4.9.3/armv6-m\libgcc.a(extendsfdf2.o)
 .debug_frame   0x000038c4       0x2c c:/program files (x86)/gnu tools arm embedded/4.9 2015q2/bin/../lib/gcc/arm-none-eabi/4.9.3/armv6-m\libgcc.a(truncdfsf2.o)
 .debug_frame   0x000038f0       0x2c c:/program files (x86)/gnu tools arm embedded/4.9 2015q2/bin/../lib/gcc/arm-none-eabi/4.9.3/armv6-m\libgcc.a(eqsf2.o)
 .debug_frame   0x0000391c       0x30 c:/program files (x86)/gnu tools arm embedded/4.9 2015q2/bin/../lib/gcc/arm-none-eabi/4.9.3/armv6-m\libgcc.a(gesf2.o)
 .debug_frame   0x0000394c       0x30 c:/program files (x86)/gnu tools arm embedded/4.9 2015q2/bin/../lib/gcc/arm-none-eabi/4.9.3/armv6-m\libgcc.a(lesf2.o)
